// Jest Snapshot v1, https://goo.gl/fbAQLP

exports[`<Login/> should render without throwing an error 1`] = `<Connect(Login) />`;
