// Jest Snapshot v1, https://goo.gl/fbAQLP

exports[`<ViewArticle/> should render without throwing an error 1`] = `<Connect(ViewAnArticle) />`;
