// Jest Snapshot v1, https://goo.gl/fbAQLP

exports[`<App/> 1`] = `
<div>
  <h1>
    Hello! Welcome to Authors Haven
  </h1>
</div>
`;
