// Jest Snapshot v1, https://goo.gl/fbAQLP

exports[`<Sidebar/> should render without throwing an error 1`] = `
<Connect(Sidebar)
  match={
    Object {
      "url": "/tags/sports",
    }
  }
/>
`;
