// Jest Snapshot v1, https://goo.gl/fbAQLP

exports[`<SearchArticles/> should render without throwing an error 1`] = `
<Connect(SearchArticles)
  location={
    Object {
      "search": "",
    }
  }
/>
`;
