// Jest Snapshot v1, https://goo.gl/fbAQLP

exports[`<DeleteModal /> should render without throwing an error 1`] = `<Connect(DeleteModal) />`;
