// Jest Snapshot v1, https://goo.gl/fbAQLP

exports[`<ForgotPassword/> should render without throwing an error 1`] = `<Connect(ForgotPassword) />`;
