// Jest Snapshot v1, https://goo.gl/fbAQLP

exports[`<ResetPassword/> should render without throwing an error 1`] = `<Connect(ResetPassword) />`;
