// Jest Snapshot v1, https://goo.gl/fbAQLP

exports[`<Profile/> should render without throwing an error 1`] = `<Connect(Profile) />`;
